// Jest Snapshot v1, https://goo.gl/fbAQLP

exports[`snapshot 1`] = `
{
  "age": 28,
  "name": "mySkey",
  "time": "",
}
`;
